2025-10-18 19:59:44.844 [info] Extension host with pid 370776 started
2025-10-18 19:59:44.868 [info] ExtensionService#_doActivateExtension vscode.github-authentication, startup: false, activationEvent: 'onAuthenticationRequest:github'
2025-10-18 19:59:44.897 [info] ExtensionService#_doActivateExtension vscode.emmet, startup: false, activationEvent: 'onLanguage'
2025-10-18 19:59:44.955 [info] ExtensionService#_doActivateExtension vscode.git-base, startup: true, activationEvent: '*', root cause: vscode.git
2025-10-18 19:59:44.959 [info] ExtensionService#_doActivateExtension vscode.git, startup: true, activationEvent: '*'
2025-10-18 19:59:45.001 [info] ExtensionService#_doActivateExtension vscode.github, startup: true, activationEvent: '*'
2025-10-18 19:59:45.135 [info] Eager extensions activated
2025-10-18 19:59:45.172 [info] ExtensionService#_doActivateExtension vscode.debug-auto-launch, startup: false, activationEvent: 'onStartupFinished'
2025-10-18 19:59:45.177 [info] ExtensionService#_doActivateExtension vscode.merge-conflict, startup: false, activationEvent: 'onStartupFinished'
2025-10-18 19:59:54.853 [info] Extension host terminating: renderer closed the MessagePort
2025-10-18 19:59:54.872 [info] Extension host with pid 370776 exiting with code 0
2025-10-18 19:59:55.998 [info] Extension host with pid 373414 started
2025-10-18 19:59:55.998 [info] Skipping acquiring lock for /home/evr/.config/Code/User/workspaceStorage/f5cb30e835fd894e8ef9a09aecd079fe.
2025-10-18 19:59:56.015 [info] ExtensionService#_doActivateExtension vscode.github-authentication, startup: false, activationEvent: 'onAuthenticationRequest:github'
2025-10-18 19:59:56.048 [info] ExtensionService#_doActivateExtension vscode.emmet, startup: false, activationEvent: 'onLanguage'
2025-10-18 19:59:56.114 [info] ExtensionService#_doActivateExtension vscode.git-base, startup: true, activationEvent: '*'
2025-10-18 19:59:56.125 [info] ExtensionService#_doActivateExtension vscode.github, startup: true, activationEvent: '*'
2025-10-18 19:59:56.200 [info] Eager extensions activated
2025-10-18 19:59:56.220 [info] ExtensionService#_doActivateExtension vscode.debug-auto-launch, startup: false, activationEvent: 'onStartupFinished'
2025-10-18 19:59:56.225 [info] ExtensionService#_doActivateExtension vscode.merge-conflict, startup: false, activationEvent: 'onStartupFinished'
2025-10-18 19:59:59.710 [info] ExtensionService#_doActivateExtension vscode.git, startup: false, activationEvent: 'api', root cause: vscode.github
