2025-10-18 19:59:44.958 [info] Reading sessions from keychain...
2025-10-18 19:59:44.958 [info] Getting sessions for all scopes...
2025-10-18 19:59:44.958 [info] Got stored sessions!
2025-10-18 19:59:44.958 [info] Got 1 verified sessions.
2025-10-18 19:59:44.958 [info] Got 1 sessions for ...
2025-10-18 19:59:44.958 [info] Getting sessions for all scopes...
2025-10-18 19:59:44.958 [info] Got 1 sessions for ...
2025-10-18 19:59:44.958 [info] Getting sessions for all scopes...
2025-10-18 19:59:44.958 [info] Got 1 sessions for ...
2025-10-18 19:59:44.958 [info] Getting sessions for all scopes...
2025-10-18 19:59:44.958 [info] Got 1 sessions for ...
2025-10-18 19:59:44.958 [info] Getting sessions for all scopes...
2025-10-18 19:59:44.958 [info] Got 1 sessions for ...
2025-10-18 19:59:44.958 [info] Getting sessions for all scopes...
2025-10-18 19:59:44.958 [info] Got 1 sessions for ...
2025-10-18 19:59:44.958 [info] Getting sessions for all scopes...
2025-10-18 19:59:44.958 [info] Got 1 sessions for ...
2025-10-18 19:59:44.958 [info] Getting sessions for all scopes...
2025-10-18 19:59:44.958 [info] Got 1 sessions for ...
2025-10-18 19:59:44.958 [info] Getting sessions for all scopes...
2025-10-18 19:59:44.958 [info] Got 1 sessions for ...
2025-10-18 19:59:44.958 [info] Getting sessions for all scopes...
2025-10-18 19:59:44.958 [info] Got 1 sessions for ...
2025-10-18 19:59:44.958 [info] Getting sessions for all scopes...
2025-10-18 19:59:44.958 [info] Got 1 sessions for ...
2025-10-18 19:59:44.958 [info] Getting sessions for all scopes...
2025-10-18 19:59:44.958 [info] Got 1 sessions for ...
2025-10-18 19:59:44.958 [info] Getting sessions for all scopes...
2025-10-18 19:59:44.958 [info] Got 1 sessions for ...
2025-10-18 19:59:44.958 [info] Getting sessions for all scopes...
2025-10-18 19:59:44.958 [info] Got 1 sessions for ...
2025-10-18 19:59:44.958 [info] Getting sessions for all scopes...
2025-10-18 19:59:44.958 [info] Got 1 sessions for ...
2025-10-18 19:59:45.231 [info] Getting sessions for all scopes...
2025-10-18 19:59:45.231 [info] Got 1 sessions for ...
2025-10-18 19:59:46.652 [info] FetcherService: Electron fetch failed with status: 429 
2025-10-18 19:59:46.707 [info] Getting sessions for all scopes...
2025-10-18 19:59:46.707 [info] Got 1 sessions for ...
2025-10-18 19:59:46.707 [info] Getting sessions for all scopes...
2025-10-18 19:59:46.707 [info] Got 1 sessions for ...
2025-10-18 19:59:46.711 [info] Getting sessions for all scopes...
2025-10-18 19:59:46.711 [info] Got 1 sessions for ...
2025-10-18 19:59:47.432 [info] FetcherService: Node fetch failed with status: 429 Too Many Requests
2025-10-18 19:59:48.112 [info] FetcherService: Node http/s failed with status: 429 Too Many Requests
2025-10-18 19:59:56.110 [info] Reading sessions from keychain...
2025-10-18 19:59:56.110 [info] Getting sessions for all scopes...
2025-10-18 19:59:56.110 [info] Got stored sessions!
2025-10-18 19:59:56.110 [info] Got 1 verified sessions.
2025-10-18 19:59:56.110 [info] Got 1 sessions for ...
2025-10-18 19:59:56.110 [info] Getting sessions for all scopes...
2025-10-18 19:59:56.110 [info] Got 1 sessions for ...
2025-10-18 19:59:56.110 [info] Getting sessions for all scopes...
2025-10-18 19:59:56.110 [info] Got 1 sessions for ...
2025-10-18 19:59:56.110 [info] Getting sessions for all scopes...
2025-10-18 19:59:56.110 [info] Got 1 sessions for ...
2025-10-18 19:59:56.110 [info] Getting sessions for all scopes...
2025-10-18 19:59:56.110 [info] Got 1 sessions for ...
2025-10-18 19:59:56.110 [info] Getting sessions for all scopes...
2025-10-18 19:59:56.110 [info] Got 1 sessions for ...
2025-10-18 19:59:56.110 [info] Getting sessions for all scopes...
2025-10-18 19:59:56.110 [info] Got 1 sessions for ...
2025-10-18 19:59:56.110 [info] Getting sessions for all scopes...
2025-10-18 19:59:56.110 [info] Got 1 sessions for ...
2025-10-18 19:59:56.110 [info] Getting sessions for all scopes...
2025-10-18 19:59:56.110 [info] Got 1 sessions for ...
2025-10-18 19:59:56.116 [info] Getting sessions for all scopes...
2025-10-18 19:59:56.116 [info] Got 1 sessions for ...
2025-10-18 19:59:56.117 [info] Getting sessions for all scopes...
2025-10-18 19:59:56.118 [info] Got 1 sessions for ...
2025-10-18 19:59:56.118 [info] Getting sessions for all scopes...
2025-10-18 19:59:56.118 [info] Got 1 sessions for ...
2025-10-18 19:59:56.118 [info] Getting sessions for all scopes...
2025-10-18 19:59:56.118 [info] Got 1 sessions for ...
2025-10-18 19:59:56.118 [info] Getting sessions for all scopes...
2025-10-18 19:59:56.118 [info] Got 1 sessions for ...
2025-10-18 19:59:56.118 [info] Getting sessions for all scopes...
2025-10-18 19:59:56.118 [info] Got 1 sessions for ...
2025-10-18 19:59:56.341 [info] Getting sessions for all scopes...
2025-10-18 19:59:56.341 [info] Got 1 sessions for ...
2025-10-18 19:59:57.371 [info] FetcherService: Electron fetch failed with status: 429 
2025-10-18 19:59:58.000 [info] Getting sessions for all scopes...
2025-10-18 19:59:58.000 [info] Got 1 sessions for ...
2025-10-18 19:59:58.000 [info] Getting sessions for all scopes...
2025-10-18 19:59:58.000 [info] Got 1 sessions for ...
2025-10-18 19:59:58.003 [info] Getting sessions for all scopes...
2025-10-18 19:59:58.003 [info] Got 1 sessions for ...
2025-10-18 19:59:58.145 [info] FetcherService: Node fetch failed with status: 429 Too Many Requests
2025-10-18 19:59:58.852 [info] FetcherService: Node http/s failed with status: 429 Too Many Requests
