2025-10-18 19:50:01.569 [info] Reading sessions from keychain...
2025-10-18 19:50:01.569 [info] Getting sessions for all scopes...
2025-10-18 19:50:01.569 [info] Got 0 sessions for ...
2025-10-18 19:50:01.569 [info] Getting sessions for all scopes...
2025-10-18 19:50:01.569 [info] Got 0 sessions for ...
2025-10-18 19:50:01.569 [info] Getting sessions for all scopes...
2025-10-18 19:50:01.569 [info] Got 0 sessions for ...
2025-10-18 19:50:01.569 [info] Getting sessions for all scopes...
2025-10-18 19:50:01.569 [info] Got 0 sessions for ...
2025-10-18 19:50:01.569 [info] Getting sessions for all scopes...
2025-10-18 19:50:01.569 [info] Got 0 sessions for ...
2025-10-18 19:50:01.569 [info] Getting sessions for all scopes...
2025-10-18 19:50:01.569 [info] Got 0 sessions for ...
2025-10-18 19:50:01.569 [info] Getting sessions for all scopes...
2025-10-18 19:50:01.569 [info] Got 0 sessions for ...
2025-10-18 19:50:01.569 [info] Getting sessions for all scopes...
2025-10-18 19:50:01.569 [info] Got 0 sessions for ...
2025-10-18 19:50:01.569 [info] Getting sessions for all scopes...
2025-10-18 19:50:01.569 [info] Got 0 sessions for ...
2025-10-18 19:50:01.569 [info] Getting sessions for all scopes...
2025-10-18 19:50:01.569 [info] Got 0 sessions for ...
2025-10-18 19:50:01.569 [info] Getting sessions for all scopes...
2025-10-18 19:50:01.569 [info] Got 0 sessions for ...
2025-10-18 19:50:01.569 [info] Getting sessions for all scopes...
2025-10-18 19:50:01.569 [info] Got 0 sessions for ...
2025-10-18 19:50:01.569 [info] Getting sessions for all scopes...
2025-10-18 19:50:01.569 [info] Got 0 sessions for ...
2025-10-18 19:50:01.569 [info] Getting sessions for all scopes...
2025-10-18 19:50:01.569 [info] Got 0 sessions for ...
2025-10-18 19:50:01.901 [info] Getting sessions for all scopes...
2025-10-18 19:50:01.901 [info] Got 0 sessions for ...
2025-10-18 19:50:03.244 [info] Getting sessions for all scopes...
2025-10-18 19:50:03.244 [info] Got 0 sessions for ...
2025-10-18 19:50:03.244 [info] Getting sessions for all scopes...
2025-10-18 19:50:03.244 [info] Got 0 sessions for ...
2025-10-18 19:50:03.252 [info] Getting sessions for all scopes...
2025-10-18 19:50:03.252 [info] Got 0 sessions for ...
2025-10-18 19:50:24.928 [info] Reading sessions from keychain...
2025-10-18 19:50:24.928 [info] Getting sessions for all scopes...
2025-10-18 19:50:24.928 [info] Got 0 sessions for ...
2025-10-18 19:50:24.928 [info] Getting sessions for all scopes...
2025-10-18 19:50:24.928 [info] Got 0 sessions for ...
2025-10-18 19:50:24.928 [info] Getting sessions for all scopes...
2025-10-18 19:50:24.928 [info] Got 0 sessions for ...
2025-10-18 19:50:24.928 [info] Getting sessions for all scopes...
2025-10-18 19:50:24.928 [info] Got 0 sessions for ...
2025-10-18 19:50:24.928 [info] Getting sessions for all scopes...
2025-10-18 19:50:24.928 [info] Got 0 sessions for ...
2025-10-18 19:50:24.928 [info] Getting sessions for all scopes...
2025-10-18 19:50:24.928 [info] Got 0 sessions for ...
2025-10-18 19:50:24.928 [info] Getting sessions for all scopes...
2025-10-18 19:50:24.928 [info] Got 0 sessions for ...
2025-10-18 19:50:24.928 [info] Getting sessions for all scopes...
2025-10-18 19:50:24.928 [info] Got 0 sessions for ...
2025-10-18 19:50:24.928 [info] Getting sessions for all scopes...
2025-10-18 19:50:24.928 [info] Got 0 sessions for ...
2025-10-18 19:50:24.928 [info] Getting sessions for all scopes...
2025-10-18 19:50:24.928 [info] Got 0 sessions for ...
2025-10-18 19:50:24.928 [info] Getting sessions for all scopes...
2025-10-18 19:50:24.928 [info] Got 0 sessions for ...
2025-10-18 19:50:24.928 [info] Getting sessions for all scopes...
2025-10-18 19:50:24.928 [info] Got 0 sessions for ...
2025-10-18 19:50:24.928 [info] Getting sessions for all scopes...
2025-10-18 19:50:24.928 [info] Got 0 sessions for ...
2025-10-18 19:50:24.928 [info] Getting sessions for all scopes...
2025-10-18 19:50:24.928 [info] Got 0 sessions for ...
2025-10-18 19:50:25.174 [info] Getting sessions for all scopes...
2025-10-18 19:50:25.174 [info] Got 0 sessions for ...
2025-10-18 19:50:26.767 [info] Getting sessions for all scopes...
2025-10-18 19:50:26.767 [info] Got 0 sessions for ...
2025-10-18 19:50:26.767 [info] Getting sessions for all scopes...
2025-10-18 19:50:26.767 [info] Got 0 sessions for ...
2025-10-18 19:50:26.770 [info] Getting sessions for all scopes...
2025-10-18 19:50:26.770 [info] Got 0 sessions for ...
2025-10-18 19:50:28.779 [info] Getting sessions for read:user,repo,user:email,workflow...
2025-10-18 19:50:28.779 [info] Got 0 sessions for read:user,repo,user:email,workflow...
2025-10-18 19:50:36.581 [info] Getting sessions for read:user,repo,user:email,workflow...
2025-10-18 19:50:36.581 [info] Got 0 sessions for read:user,repo,user:email,workflow...
2025-10-18 19:50:43.193 [info] Getting sessions for read:user,repo,user:email,workflow...
2025-10-18 19:50:43.193 [info] Got 0 sessions for read:user,repo,user:email,workflow...
2025-10-18 19:50:46.196 [info] Logging in with 'any' account...
2025-10-18 19:50:46.196 [info] Logging in for the following scopes: read:user repo user:email workflow
2025-10-18 19:50:46.209 [info] Trying with local server... (read:user repo user:email workflow)
2025-10-18 19:50:56.128 [info] Exchanging code for token...
2025-10-18 19:50:56.518 [info] Token exchange success!
2025-10-18 19:50:56.521 [info] Getting user info...
2025-10-18 19:50:57.000 [info] Got account info!
2025-10-18 19:50:57.000 [info] Storing 1 sessions...
2025-10-18 19:50:57.717 [info] FetcherService: Electron fetch failed with status: 429 
2025-10-18 19:50:58.435 [info] FetcherService: Node fetch failed with status: 429 Too Many Requests
2025-10-18 19:50:59.130 [info] FetcherService: Node http/s failed with status: 429 Too Many Requests
2025-10-18 19:51:00.534 [info] Reading sessions from keychain...
2025-10-18 19:51:00.534 [info] Stored 1 sessions!
2025-10-18 19:51:00.535 [info] Login success!
2025-10-18 19:51:00.536 [info] Getting sessions for all scopes...
2025-10-18 19:51:00.541 [info] Got stored sessions!
2025-10-18 19:51:00.541 [info] Got 1 verified sessions.
2025-10-18 19:51:00.541 [info] Got 1 sessions for ...
2025-10-18 19:51:00.542 [info] Getting sessions for all scopes...
2025-10-18 19:51:00.542 [info] Got 1 sessions for ...
2025-10-18 19:51:00.542 [info] Getting sessions for all scopes...
2025-10-18 19:51:00.542 [info] Got 1 sessions for ...
2025-10-18 19:51:00.542 [info] Getting sessions for all scopes...
2025-10-18 19:51:00.542 [info] Got 1 sessions for ...
2025-10-18 19:51:00.543 [info] Getting sessions for all scopes...
2025-10-18 19:51:00.543 [info] Got 1 sessions for ...
2025-10-18 19:51:00.544 [info] Getting sessions for all scopes...
2025-10-18 19:51:00.544 [info] Got 1 sessions for ...
2025-10-18 19:51:00.544 [info] Getting sessions for read:user,repo,user:email,workflow...
2025-10-18 19:51:00.544 [info] Got 1 sessions for read:user,repo,user:email,workflow...
2025-10-18 19:53:15.325 [info] Getting sessions for read:user,repo,user:email,workflow...
2025-10-18 19:53:15.325 [info] Got 1 sessions for read:user,repo,user:email,workflow...
2025-10-18 20:02:58.931 [info] Getting sessions for read:user,repo,user:email,workflow...
2025-10-18 20:02:58.932 [info] Got 1 sessions for read:user,repo,user:email,workflow...
