2025-10-18 19:50:01.795 [info] [main] Log level: Info
2025-10-18 19:50:01.795 [info] [main] Validating found git in: "git"
2025-10-18 19:50:01.795 [info] [main] Using git "2.51.1.dirty" from "git"
2025-10-18 19:50:01.795 [info] [Model][doInitialScan] Initial repository scan started
2025-10-18 19:50:01.795 [info] [Model][doInitialScan] Initial repository scan completed - repositories (0), closed repositories (0), parent repositories (0), unsafe repositories (0)
2025-10-18 19:50:28.692 [info] [main] Log level: Info
2025-10-18 19:50:28.692 [info] [main] Validating found git in: "git"
2025-10-18 19:50:28.692 [info] [main] Using git "2.51.1.dirty" from "git"
2025-10-18 19:50:28.692 [info] [Model][doInitialScan] Initial repository scan started
2025-10-18 19:50:28.692 [info] > git rev-parse --show-toplevel [6ms]
2025-10-18 19:50:28.697 [info] > git rev-parse --git-dir --git-common-dir --show-superproject-working-tree [1ms]
2025-10-18 19:50:28.709 [info] [Model][openRepository] Opened repository (path): /home/evr/Projects/dotfiles
2025-10-18 19:50:28.709 [info] [Model][openRepository] Opened repository (real path): /home/evr/Projects/dotfiles
2025-10-18 19:50:28.709 [info] [Model][openRepository] Opened repository (kind): repository
2025-10-18 19:50:28.721 [info] > git rev-parse --show-toplevel [3ms]
2025-10-18 19:50:28.724 [info] [Model][doInitialScan] Initial repository scan completed - repositories (1), closed repositories (0), parent repositories (0), unsafe repositories (0)
2025-10-18 19:50:28.725 [info] > git config --get commit.template [9ms]
2025-10-18 19:50:28.731 [info] > git for-each-ref --format=%(refname)%00%(upstream:short)%00%(objectname)%00%(upstream:track)%00%(upstream:remotename)%00%(upstream:remoteref) refs/heads/main refs/remotes/main [1ms]
2025-10-18 19:50:28.735 [warning] [Git][revParse] Unable to read file: ENOENT: no such file or directory, open '/home/evr/Projects/dotfiles/.git/refs/remotes/origin/main'
2025-10-18 19:50:28.736 [info] > git rev-parse refs/remotes/origin/main [2ms]
2025-10-18 19:50:28.743 [info] > git status -z -uall [4ms]
2025-10-18 19:50:28.744 [info] > git for-each-ref --sort -committerdate --format %(refname)%00%(objectname)%00%(*objectname) [2ms]
2025-10-18 19:50:28.765 [info] > git for-each-ref --format=%(refname)%00%(upstream:short)%00%(objectname)%00%(upstream:track)%00%(upstream:remotename)%00%(upstream:remoteref) refs/heads/main refs/remotes/main [6ms]
2025-10-18 19:50:28.772 [info] > git config --get --local branch.main.vscode-merge-base [1ms]
2025-10-18 19:50:28.772 [warning] [Git][config] git config failed: Failed to execute git
2025-10-18 19:50:28.775 [info] > git config --get commit.template [10ms]
2025-10-18 19:50:28.779 [info] > git reflog main --grep-reflog=branch: Created from *. [4ms]
2025-10-18 19:50:28.781 [info] > git for-each-ref --format=%(refname)%00%(upstream:short)%00%(objectname)%00%(upstream:track)%00%(upstream:remotename)%00%(upstream:remoteref) refs/heads/main refs/remotes/main [3ms]
2025-10-18 19:50:28.784 [warning] [Git][revParse] Unable to read file: ENOENT: no such file or directory, open '/home/evr/Projects/dotfiles/.git/refs/remotes/origin/main'
2025-10-18 19:50:28.785 [info] > git symbolic-ref --short refs/remotes/origin/HEAD [4ms]
2025-10-18 19:50:28.787 [info] > git rev-parse refs/remotes/origin/main [3ms]
2025-10-18 19:50:28.793 [info] > git status -z -uall [3ms]
2025-10-18 19:50:28.793 [info] > git for-each-ref --format=%(refname)%00%(upstream:short)%00%(objectname)%00%(upstream:track)%00%(upstream:remotename)%00%(upstream:remoteref) refs/heads/origin/main refs/remotes/origin/main [6ms]
2025-10-18 19:50:28.796 [info] > git for-each-ref --sort -committerdate --format %(refname)%00%(objectname)%00%(*objectname) [4ms]
2025-10-18 19:50:28.799 [info] > git config --add --local branch.main.vscode-merge-base origin/main [3ms]
2025-10-18 19:50:28.803 [info] > git config --get commit.template [1ms]
2025-10-18 19:50:28.807 [info] > git for-each-ref --format=%(refname)%00%(upstream:short)%00%(objectname)%00%(upstream:track)%00%(upstream:remotename)%00%(upstream:remoteref) refs/heads/main refs/remotes/main [1ms]
2025-10-18 19:50:28.810 [warning] [Git][revParse] Unable to read file: ENOENT: no such file or directory, open '/home/evr/Projects/dotfiles/.git/refs/remotes/origin/main'
2025-10-18 19:50:28.811 [info] > git rev-parse refs/remotes/origin/main [1ms]
2025-10-18 19:50:28.817 [info] > git status -z -uall [3ms]
2025-10-18 19:50:28.818 [info] > git for-each-ref --sort -committerdate --format %(refname)%00%(objectname)%00%(*objectname) [1ms]
2025-10-18 19:50:28.828 [info] > git merge-base refs/heads/main refs/remotes/origin/main [4ms]
2025-10-18 19:50:28.832 [info] > git diff --name-status -z --diff-filter=ADMR 66817539c1b9b5a63d0ebcd35c3f22a3960bf989...refs/remotes/origin/main [1ms]
2025-10-18 19:50:28.833 [info] > git merge-base refs/heads/main refs/remotes/origin/main [6ms]
2025-10-18 19:50:28.836 [info] > git diff --name-status -z --diff-filter=ADMR 66817539c1b9b5a63d0ebcd35c3f22a3960bf989...refs/remotes/origin/main [1ms]
2025-10-18 19:50:29.237 [info] > git check-ignore -v -z --stdin [3ms]
2025-10-18 19:50:29.895 [info] > git config --get commit.template [9ms]
2025-10-18 19:50:29.897 [info] > git for-each-ref --format=%(refname)%00%(upstream:short)%00%(objectname)%00%(upstream:track)%00%(upstream:remotename)%00%(upstream:remoteref) refs/heads/main refs/remotes/main [4ms]
2025-10-18 19:50:29.904 [warning] [Git][revParse] Unable to read file: ENOENT: no such file or directory, open '/home/evr/Projects/dotfiles/.git/refs/remotes/origin/main'
2025-10-18 19:50:29.906 [info] > git rev-parse refs/remotes/origin/main [2ms]
2025-10-18 19:50:29.922 [info] > git status -z -uall [9ms]
2025-10-18 19:50:29.924 [info] > git for-each-ref --sort -committerdate --format %(refname)%00%(objectname)%00%(*objectname) [3ms]
2025-10-18 19:50:31.011 [info] > git show --textconv :README.md [4ms]
2025-10-18 19:50:31.012 [info] > git ls-files --stage -- README.md [2ms]
2025-10-18 19:50:31.079 [info] > git cat-file -s 3cc42a7dadeaaf036271c9f56577b39ee52b33a1 [63ms]
2025-10-18 19:50:32.410 [info] > git blame --root --incremental f463762888cdf02fb2fabbbc8efdf41cdd9dac45 -- README.md [2ms]
2025-10-18 19:50:36.517 [info] > git log --format=%H%n%aN%n%aE%n%at%n%ct%n%P%n%D%n%B -z --shortstat --diff-merges=first-parent -n50 --skip=0 --topo-order --decorate=full --stdin [1ms]
2025-10-18 19:50:42.066 [info] > git log --oneline --cherry main...main@{upstream} -- [44ms]
2025-10-18 19:50:42.677 [info] > git pull --tags origin main [607ms]
2025-10-18 19:50:42.677 [info] From https://github.com/SyntaxSugarRush/dotfiles
 * branch            main       -> FETCH_HEAD
2025-10-18 19:50:43.865 [info] > git ls-files --stage -- README.md [4ms]
2025-10-18 19:50:43.878 [info] > git cat-file -s 3cc42a7dadeaaf036271c9f56577b39ee52b33a1 [3ms]
2025-10-18 19:50:43.893 [info] > git show --textconv :README.md [3ms]
2025-10-18 19:51:01.576 [info] > git push origin main:main [18888ms]
2025-10-18 19:51:01.576 [info] To https://github.com/SyntaxSugarRush/dotfiles.git
   6681753..f463762  main -> main
2025-10-18 19:51:01.592 [info] > git config --get commit.template [7ms]
2025-10-18 19:51:01.593 [info] > git for-each-ref --format=%(refname)%00%(upstream:short)%00%(objectname)%00%(upstream:track)%00%(upstream:remotename)%00%(upstream:remoteref) refs/heads/main refs/remotes/main [3ms]
2025-10-18 19:51:01.608 [info] > git status -z -uall [8ms]
2025-10-18 19:51:01.609 [info] > git for-each-ref --sort -committerdate --format %(refname)%00%(objectname)%00%(*objectname) [2ms]
2025-10-18 19:51:01.628 [info] > git merge-base refs/heads/main refs/remotes/origin/main [4ms]
2025-10-18 19:51:01.636 [info] > git diff --name-status -z --diff-filter=ADMR f463762888cdf02fb2fabbbc8efdf41cdd9dac45...refs/remotes/origin/main [2ms]
2025-10-18 19:51:01.643 [info] > git log --format=%H%n%aN%n%aE%n%at%n%ct%n%P%n%D%n%B -z --shortstat --diff-merges=first-parent -n50 --skip=0 --topo-order --decorate=full --stdin [2ms]
2025-10-18 19:51:04.547 [info] > git ls-files --stage -- README.md [1ms]
2025-10-18 19:51:04.552 [info] > git config --get commit.template [13ms]
2025-10-18 19:51:04.558 [info] > git cat-file -s 3cc42a7dadeaaf036271c9f56577b39ee52b33a1 [6ms]
2025-10-18 19:51:04.559 [info] > git for-each-ref --format=%(refname)%00%(upstream:short)%00%(objectname)%00%(upstream:track)%00%(upstream:remotename)%00%(upstream:remoteref) refs/heads/main refs/remotes/main [2ms]
2025-10-18 19:51:04.572 [info] > git status -z -uall [8ms]
2025-10-18 19:51:04.574 [info] > git for-each-ref --sort -committerdate --format %(refname)%00%(objectname)%00%(*objectname) [4ms]
2025-10-18 19:51:04.591 [info] > git show --textconv :README.md [2ms]
2025-10-18 19:51:41.479 [info] > git check-ignore -v -z --stdin [1ms]
2025-10-18 19:52:14.081 [info] > git show --textconv :dotfiles/.config/test [8ms]
2025-10-18 19:52:14.089 [info] > git ls-files --stage -- dotfiles/.config/test [9ms]
2025-10-18 19:52:14.096 [info] > git hash-object -t tree /dev/null [8ms]
2025-10-18 19:52:14.096 [warning] [GitFileSystemProvider][readFile] File not found - git:/home/evr/Projects/dotfiles/dotfiles/.config/test.git?%7B%22path%22%3A%22%2Fhome%2Fevr%2FProjects%2Fdotfiles%2Fdotfiles%2F.config%2Ftest%22%2C%22ref%22%3A%22%22%7D
2025-10-18 19:52:14.098 [info] > git hash-object -t tree /dev/null [3ms]
2025-10-18 19:52:14.098 [warning] [GitFileSystemProvider][stat] File not found - git:/home/evr/Projects/dotfiles/dotfiles/.config/test.git?%7B%22path%22%3A%22%2Fhome%2Fevr%2FProjects%2Fdotfiles%2Fdotfiles%2F.config%2Ftest%22%2C%22ref%22%3A%22%22%7D
2025-10-18 19:52:14.357 [info] > git check-ignore -v -z --stdin [3ms]
2025-10-18 19:52:14.926 [info] > git config --get commit.template [8ms]
2025-10-18 19:52:14.927 [info] > git for-each-ref --format=%(refname)%00%(upstream:short)%00%(objectname)%00%(upstream:track)%00%(upstream:remotename)%00%(upstream:remoteref) refs/heads/main refs/remotes/main [2ms]
2025-10-18 19:52:14.945 [info] > git status -z -uall [9ms]
2025-10-18 19:52:14.947 [info] > git for-each-ref --sort -committerdate --format %(refname)%00%(objectname)%00%(*objectname) [3ms]
2025-10-18 19:52:20.176 [info] > git log --format=%H%n%aN%n%aE%n%at%n%ct%n%P%n%D%n%B -z --shortstat --diff-merges=first-parent -n50 --skip=0 --topo-order --decorate=full --stdin [2ms]
2025-10-18 19:52:25.713 [info] > git add -A -- dotfiles/.config/test [1ms]
2025-10-18 19:52:25.723 [info] > git config --get commit.template [6ms]
2025-10-18 19:52:25.723 [info] > git for-each-ref --format=%(refname)%00%(upstream:short)%00%(objectname)%00%(upstream:track)%00%(upstream:remotename)%00%(upstream:remoteref) refs/heads/main refs/remotes/main [1ms]
2025-10-18 19:52:25.730 [info] > git status -z -uall [4ms]
2025-10-18 19:52:25.731 [info] > git for-each-ref --sort -committerdate --format %(refname)%00%(objectname)%00%(*objectname) [1ms]
2025-10-18 19:52:26.069 [info] > git show --textconv :dotfiles/.config/test [17ms]
2025-10-18 19:52:26.069 [info] > git show --textconv HEAD:dotfiles/.config/test [10ms]
2025-10-18 19:52:26.070 [info] > git ls-files --stage -- dotfiles/.config/test [6ms]
2025-10-18 19:52:26.073 [warning] [GitFileSystemProvider][readFile] File not found - git:/home/evr/Projects/dotfiles/dotfiles/.config/test.git?%7B%22path%22%3A%22%2Fhome%2Fevr%2FProjects%2Fdotfiles%2Fdotfiles%2F.config%2Ftest%22%2C%22ref%22%3A%22HEAD%22%7D
2025-10-18 19:52:26.074 [info] > git cat-file -s e69de29bb2d1d6434b8b29ae775ad8c2e48c5391 [1ms]
2025-10-18 19:52:26.074 [info] > git ls-tree -l HEAD -- dotfiles/.config/test [6ms]
2025-10-18 19:52:26.075 [warning] [GitFileSystemProvider][stat] File not found - git:/home/evr/Projects/dotfiles/dotfiles/.config/test.git?%7B%22path%22%3A%22%2Fhome%2Fevr%2FProjects%2Fdotfiles%2Fdotfiles%2F.config%2Ftest%22%2C%22ref%22%3A%22HEAD%22%7D
2025-10-18 19:52:26.801 [info] > git config --get commit.template [4ms]
2025-10-18 19:52:26.801 [info] > git for-each-ref --format=%(refname)%00%(upstream:short)%00%(objectname)%00%(upstream:track)%00%(upstream:remotename)%00%(upstream:remoteref) refs/heads/main refs/remotes/main [0ms]
2025-10-18 19:52:26.809 [info] > git status -z -uall [4ms]
2025-10-18 19:52:26.809 [info] > git for-each-ref --sort -committerdate --format %(refname)%00%(objectname)%00%(*objectname) [1ms]
2025-10-18 19:52:26.905 [info] > git ls-files --stage -- dotfiles/.config/test [3ms]
2025-10-18 19:52:26.920 [info] > git cat-file -s e69de29bb2d1d6434b8b29ae775ad8c2e48c5391 [6ms]
2025-10-18 19:52:26.945 [info] > git show --textconv :dotfiles/.config/test [2ms]
2025-10-18 19:52:30.430 [info] > git show --textconv :.git/COMMIT_EDITMSG [5ms]
2025-10-18 19:52:30.431 [warning] [GitFileSystemProvider][readFile] File not found - git:/home/evr/Projects/dotfiles/.git/COMMIT_EDITMSG.git?%7B%22path%22%3A%22%2Fhome%2Fevr%2FProjects%2Fdotfiles%2F.git%2FCOMMIT_EDITMSG%22%2C%22ref%22%3A%22%22%7D
2025-10-18 19:52:30.432 [info] > git ls-files --stage -- .git/COMMIT_EDITMSG [3ms]
2025-10-18 19:52:30.433 [warning] [GitFileSystemProvider][stat] File not found - git:/home/evr/Projects/dotfiles/.git/COMMIT_EDITMSG.git?%7B%22path%22%3A%22%2Fhome%2Fevr%2FProjects%2Fdotfiles%2F.git%2FCOMMIT_EDITMSG%22%2C%22ref%22%3A%22%22%7D
2025-10-18 19:52:30.744 [info] > git check-ignore -v -z --stdin [3ms]
2025-10-18 19:52:44.751 [info] > git blame --root --incremental f463762888cdf02fb2fabbbc8efdf41cdd9dac45 -- .git/COMMIT_EDITMSG [4ms]
2025-10-18 19:52:44.751 [info] fatal: no such path .git/COMMIT_EDITMSG in f463762888cdf02fb2fabbbc8efdf41cdd9dac45
2025-10-18 19:53:07.286 [info] > git -c user.useConfigOnly=true commit --quiet [37211ms]
2025-10-18 19:53:07.292 [info] > git config --get commit.template [1ms]
2025-10-18 19:53:07.299 [info] > git for-each-ref --format=%(refname)%00%(upstream:short)%00%(objectname)%00%(upstream:track)%00%(upstream:remotename)%00%(upstream:remoteref) refs/heads/main refs/remotes/main [2ms]
2025-10-18 19:53:07.311 [info] > git status -z -uall [8ms]
2025-10-18 19:53:07.311 [info] > git for-each-ref --sort -committerdate --format %(refname)%00%(objectname)%00%(*objectname) [4ms]
2025-10-18 19:53:07.321 [info] > git merge-base refs/heads/main refs/remotes/origin/main [4ms]
2025-10-18 19:53:07.328 [info] > git diff --name-status -z --diff-filter=ADMR f463762888cdf02fb2fabbbc8efdf41cdd9dac45...refs/remotes/origin/main [2ms]
2025-10-18 19:53:07.370 [info] > git log --format=%H%n%aN%n%aE%n%at%n%ct%n%P%n%D%n%B -z --shortstat --diff-merges=first-parent -n50 --skip=0 --topo-order --decorate=full --stdin [1ms]
2025-10-18 19:53:07.384 [info] > git config --get commit.template [7ms]
2025-10-18 19:53:07.385 [info] > git for-each-ref --format=%(refname)%00%(upstream:short)%00%(objectname)%00%(upstream:track)%00%(upstream:remotename)%00%(upstream:remoteref) refs/heads/main refs/remotes/main [2ms]
2025-10-18 19:53:07.395 [info] > git status -z -uall [7ms]
2025-10-18 19:53:07.396 [info] > git for-each-ref --sort -committerdate --format %(refname)%00%(objectname)%00%(*objectname) [2ms]
2025-10-18 19:53:07.735 [info] > git show --textconv :dotfiles/.config/test [10ms]
2025-10-18 19:53:07.739 [info] > git ls-files --stage -- dotfiles/.config/test [5ms]
2025-10-18 19:53:07.752 [info] > git cat-file -s e69de29bb2d1d6434b8b29ae775ad8c2e48c5391 [4ms]
2025-10-18 19:53:08.426 [info] > git config --get commit.template [4ms]
2025-10-18 19:53:08.426 [info] > git for-each-ref --format=%(refname)%00%(upstream:short)%00%(objectname)%00%(upstream:track)%00%(upstream:remotename)%00%(upstream:remoteref) refs/heads/main refs/remotes/main [1ms]
2025-10-18 19:53:08.435 [info] > git status -z -uall [5ms]
2025-10-18 19:53:08.435 [info] > git for-each-ref --sort -committerdate --format %(refname)%00%(objectname)%00%(*objectname) [1ms]
2025-10-18 19:53:08.532 [info] > git ls-files --stage -- dotfiles/.config/test [4ms]
2025-10-18 19:53:08.545 [info] > git cat-file -s e69de29bb2d1d6434b8b29ae775ad8c2e48c5391 [4ms]
2025-10-18 19:53:08.560 [info] > git show --textconv :dotfiles/.config/test [4ms]
2025-10-18 19:53:14.259 [info] > git log --oneline --cherry main...main@{upstream} -- [1ms]
2025-10-18 19:53:14.862 [info] > git pull --tags origin main [600ms]
2025-10-18 19:53:14.862 [info] From https://github.com/SyntaxSugarRush/dotfiles
 * branch            main       -> FETCH_HEAD
2025-10-18 19:53:16.034 [info] > git ls-files --stage -- dotfiles/.config/test [3ms]
2025-10-18 19:53:16.045 [info] > git cat-file -s e69de29bb2d1d6434b8b29ae775ad8c2e48c5391 [3ms]
2025-10-18 19:53:16.061 [info] > git show --textconv :dotfiles/.config/test [3ms]
2025-10-18 19:53:16.222 [info] > git push origin main:main [1351ms]
2025-10-18 19:53:16.222 [info] To https://github.com/SyntaxSugarRush/dotfiles.git
   f463762..7247939  main -> main
2025-10-18 19:53:16.244 [info] > git config --get commit.template [11ms]
2025-10-18 19:53:16.246 [info] > git for-each-ref --format=%(refname)%00%(upstream:short)%00%(objectname)%00%(upstream:track)%00%(upstream:remotename)%00%(upstream:remoteref) refs/heads/main refs/remotes/main [3ms]
2025-10-18 19:53:16.288 [info] > git status -z -uall [32ms]
2025-10-18 19:53:16.288 [info] > git for-each-ref --sort -committerdate --format %(refname)%00%(objectname)%00%(*objectname) [23ms]
2025-10-18 19:53:16.296 [info] > git merge-base refs/heads/main refs/remotes/origin/main [1ms]
2025-10-18 19:53:16.306 [info] > git diff --name-status -z --diff-filter=ADMR 72479399b3c5bd705bd38747094adea67c81d09d...refs/remotes/origin/main [6ms]
2025-10-18 19:53:16.307 [info] > git log --format=%H%n%aN%n%aE%n%at%n%ct%n%P%n%D%n%B -z --shortstat --diff-merges=first-parent -n50 --skip=0 --topo-order --decorate=full --stdin [2ms]
2025-10-18 19:53:17.314 [info] > git config --get commit.template [4ms]
2025-10-18 19:53:17.314 [info] > git for-each-ref --format=%(refname)%00%(upstream:short)%00%(objectname)%00%(upstream:track)%00%(upstream:remotename)%00%(upstream:remoteref) refs/heads/main refs/remotes/main [1ms]
2025-10-18 19:53:17.321 [info] > git status -z -uall [4ms]
2025-10-18 19:53:17.322 [info] > git for-each-ref --sort -committerdate --format %(refname)%00%(objectname)%00%(*objectname) [1ms]
2025-10-18 19:53:17.419 [info] > git ls-files --stage -- dotfiles/.config/test [4ms]
2025-10-18 19:53:17.430 [info] > git cat-file -s e69de29bb2d1d6434b8b29ae775ad8c2e48c5391 [3ms]
2025-10-18 19:53:17.444 [info] > git show --textconv :dotfiles/.config/test [3ms]
2025-10-18 19:59:37.202 [info] > git check-ignore -v -z --stdin [2ms]
2025-10-18 19:59:37.780 [info] > git config --get commit.template [9ms]
2025-10-18 19:59:37.781 [info] > git for-each-ref --format=%(refname)%00%(upstream:short)%00%(objectname)%00%(upstream:track)%00%(upstream:remotename)%00%(upstream:remoteref) refs/heads/main refs/remotes/main [3ms]
2025-10-18 19:59:37.799 [info] > git status -z -uall [9ms]
2025-10-18 19:59:37.801 [info] > git for-each-ref --sort -committerdate --format %(refname)%00%(objectname)%00%(*objectname) [4ms]
2025-10-18 20:00:14.075 [info] > git check-ignore -v -z --stdin [3ms]
2025-10-18 20:00:14.616 [info] > git config --get commit.template [2ms]
2025-10-18 20:00:14.621 [info] > git for-each-ref --format=%(refname)%00%(upstream:short)%00%(objectname)%00%(upstream:track)%00%(upstream:remotename)%00%(upstream:remoteref) refs/heads/main refs/remotes/main [1ms]
2025-10-18 20:00:14.629 [info] > git status -z -uall [4ms]
2025-10-18 20:00:14.631 [info] > git for-each-ref --sort -committerdate --format %(refname)%00%(objectname)%00%(*objectname) [3ms]
2025-10-18 20:00:26.451 [info] > git config --get commit.template [8ms]
2025-10-18 20:00:26.452 [info] > git for-each-ref --format=%(refname)%00%(upstream:short)%00%(objectname)%00%(upstream:track)%00%(upstream:remotename)%00%(upstream:remoteref) refs/heads/main refs/remotes/main [2ms]
2025-10-18 20:00:26.461 [info] > git status -z -uall [5ms]
2025-10-18 20:00:26.462 [info] > git for-each-ref --sort -committerdate --format %(refname)%00%(objectname)%00%(*objectname) [2ms]
2025-10-18 20:00:31.473 [info] > git config --get commit.template [4ms]
2025-10-18 20:00:31.474 [info] > git for-each-ref --format=%(refname)%00%(upstream:short)%00%(objectname)%00%(upstream:track)%00%(upstream:remotename)%00%(upstream:remoteref) refs/heads/main refs/remotes/main [1ms]
2025-10-18 20:00:31.482 [info] > git status -z -uall [4ms]
2025-10-18 20:00:31.482 [info] > git for-each-ref --sort -committerdate --format %(refname)%00%(objectname)%00%(*objectname) [1ms]
2025-10-18 20:00:56.309 [info] > git config --get commit.template [10ms]
2025-10-18 20:00:56.311 [info] > git for-each-ref --format=%(refname)%00%(upstream:short)%00%(objectname)%00%(upstream:track)%00%(upstream:remotename)%00%(upstream:remoteref) refs/heads/main refs/remotes/main [3ms]
2025-10-18 20:00:56.328 [info] > git status -z -uall [8ms]
2025-10-18 20:00:56.330 [info] > git for-each-ref --sort -committerdate --format %(refname)%00%(objectname)%00%(*objectname) [2ms]
2025-10-18 20:01:50.626 [info] > git log --format=%H%n%aN%n%aE%n%at%n%ct%n%P%n%D%n%B -z --shortstat --diff-merges=first-parent -n50 --skip=0 --topo-order --decorate=full --stdin [3ms]
2025-10-18 20:01:51.191 [info] > git check-ignore -v -z --stdin [1ms]
2025-10-18 20:01:53.095 [info] > git add -A -- dotfiles/.config/hypr/apps.conf dotfiles/.config/hypr/apps/1password.conf dotfiles/.config/hypr/apps/brave.conf dotfiles/.config/hypr/apps/chromium.conf dotfiles/.config/hypr/apps/cmst.conf dotfiles/.config/hypr/apps/firefox.conf dotfiles/.config/hypr/apps/hyprshot.conf dotfiles/.config/hypr/apps/nm-con-ed.conf dotfiles/.config/hypr/apps/nmgui.conf dotfiles/.config/hypr/apps/pip.conf dotfiles/.config/hypr/apps/portproton.conf dotfiles/.config/hypr/apps/qbittorrent-enhanced.conf dotfiles/.config/hypr/apps/retroarch.conf dotfiles/.config/hypr/apps/steam.conf dotfiles/.config/hypr/apps/system.conf dotfiles/.config/hypr/apps/telegram.conf dotfiles/.config/hypr/apps/walker.conf dotfiles/.config/hypr/apps/xdg-portal-gtk.conf dotfiles/.config/hypr/autostart.conf dotfiles/.config/hypr/bindings.conf dotfiles/.config/hypr/bindings/media.conf dotfiles/.config/hypr/bindings/tiling.conf dotfiles/.config/hypr/bindings/utilities.conf dotfiles/.config/hypr/envs.conf dotfiles/.config/hypr/hypridle.conf dotfiles/.config/hypr/hyprland.conf dotfiles/.config/hypr/hyprlock.conf dotfiles/.config/hypr/hyprsunset.conf dotfiles/.config/hypr/input.conf dotfiles/.config/hypr/looknfeel.conf dotfiles/.config/hypr/monitors.conf dotfiles/.config/hypr/windows.conf [5ms]
2025-10-18 20:01:53.100 [info] > git config --get commit.template [1ms]
2025-10-18 20:01:53.104 [info] > git for-each-ref --format=%(refname)%00%(upstream:short)%00%(objectname)%00%(upstream:track)%00%(upstream:remotename)%00%(upstream:remoteref) refs/heads/main refs/remotes/main [1ms]
2025-10-18 20:01:53.110 [info] > git status -z -uall [4ms]
2025-10-18 20:01:53.111 [info] > git for-each-ref --sort -committerdate --format %(refname)%00%(objectname)%00%(*objectname) [1ms]
2025-10-18 20:01:54.177 [info] > git config --get commit.template [5ms]
2025-10-18 20:01:54.177 [info] > git for-each-ref --format=%(refname)%00%(upstream:short)%00%(objectname)%00%(upstream:track)%00%(upstream:remotename)%00%(upstream:remoteref) refs/heads/main refs/remotes/main [1ms]
2025-10-18 20:01:54.187 [info] > git status -z -uall [6ms]
2025-10-18 20:01:54.188 [info] > git for-each-ref --sort -committerdate --format %(refname)%00%(objectname)%00%(*objectname) [2ms]
2025-10-18 20:01:54.273 [info] > git ls-files --stage -- dotfiles/.config/test [1ms]
2025-10-18 20:01:54.276 [info] > git cat-file -s e69de29bb2d1d6434b8b29ae775ad8c2e48c5391 [1ms]
2025-10-18 20:01:54.281 [info] > git show --textconv :dotfiles/.config/test [1ms]
2025-10-18 20:02:23.864 [info] > git check-ignore -v -z --stdin [2ms]
2025-10-18 20:02:46.324 [info] > git -c user.useConfigOnly=true commit --quiet --allow-empty-message --file - [5ms]
2025-10-18 20:02:46.328 [info] > git config --get commit.template [0ms]
2025-10-18 20:02:46.335 [info] > git config --get commit.template [4ms]
2025-10-18 20:02:46.336 [info] > git for-each-ref --format=%(refname)%00%(upstream:short)%00%(objectname)%00%(upstream:track)%00%(upstream:remotename)%00%(upstream:remoteref) refs/heads/main refs/remotes/main [1ms]
2025-10-18 20:02:46.344 [info] > git status -z -uall [5ms]
2025-10-18 20:02:46.345 [info] > git for-each-ref --sort -committerdate --format %(refname)%00%(objectname)%00%(*objectname) [2ms]
2025-10-18 20:02:46.355 [info] > git merge-base refs/heads/main refs/remotes/origin/main [4ms]
2025-10-18 20:02:46.361 [info] > git diff --name-status -z --diff-filter=ADMR 72479399b3c5bd705bd38747094adea67c81d09d...refs/remotes/origin/main [1ms]
2025-10-18 20:02:46.379 [info] > git log --format=%H%n%aN%n%aE%n%at%n%ct%n%P%n%D%n%B -z --shortstat --diff-merges=first-parent -n50 --skip=0 --topo-order --decorate=full --stdin [2ms]
2025-10-18 20:02:46.398 [info] > git config --get commit.template [5ms]
2025-10-18 20:02:46.398 [info] > git for-each-ref --format=%(refname)%00%(upstream:short)%00%(objectname)%00%(upstream:track)%00%(upstream:remotename)%00%(upstream:remoteref) refs/heads/main refs/remotes/main [1ms]
2025-10-18 20:02:46.406 [info] > git status -z -uall [3ms]
2025-10-18 20:02:46.407 [info] > git for-each-ref --sort -committerdate --format %(refname)%00%(objectname)%00%(*objectname) [1ms]
2025-10-18 20:02:47.425 [info] > git config --get commit.template [4ms]
2025-10-18 20:02:47.426 [info] > git for-each-ref --format=%(refname)%00%(upstream:short)%00%(objectname)%00%(upstream:track)%00%(upstream:remotename)%00%(upstream:remoteref) refs/heads/main refs/remotes/main [1ms]
2025-10-18 20:02:47.433 [info] > git status -z -uall [4ms]
2025-10-18 20:02:47.434 [info] > git for-each-ref --sort -committerdate --format %(refname)%00%(objectname)%00%(*objectname) [2ms]
2025-10-18 20:02:47.527 [info] > git ls-files --stage -- dotfiles/.config/test [3ms]
2025-10-18 20:02:47.539 [info] > git cat-file -s e69de29bb2d1d6434b8b29ae775ad8c2e48c5391 [3ms]
2025-10-18 20:02:47.557 [info] > git show --textconv :dotfiles/.config/test [3ms]
2025-10-18 20:02:57.848 [info] > git log --oneline --cherry main...main@{upstream} -- [4ms]
2025-10-18 20:02:58.467 [info] > git pull --tags origin main [610ms]
2025-10-18 20:02:58.467 [info] From https://github.com/SyntaxSugarRush/dotfiles
 * branch            main       -> FETCH_HEAD
2025-10-18 20:02:59.640 [info] > git ls-files --stage -- dotfiles/.config/test [3ms]
2025-10-18 20:02:59.650 [info] > git cat-file -s e69de29bb2d1d6434b8b29ae775ad8c2e48c5391 [2ms]
2025-10-18 20:02:59.661 [info] > git show --textconv :dotfiles/.config/test [2ms]
2025-10-18 20:02:59.866 [info] > git push origin main:main [1391ms]
2025-10-18 20:02:59.866 [info] To https://github.com/SyntaxSugarRush/dotfiles.git
   7247939..5122fb6  main -> main
2025-10-18 20:02:59.876 [info] > git config --get commit.template [5ms]
2025-10-18 20:02:59.876 [info] > git for-each-ref --format=%(refname)%00%(upstream:short)%00%(objectname)%00%(upstream:track)%00%(upstream:remotename)%00%(upstream:remoteref) refs/heads/main refs/remotes/main [1ms]
2025-10-18 20:02:59.884 [info] > git status -z -uall [5ms]
2025-10-18 20:02:59.884 [info] > git for-each-ref --sort -committerdate --format %(refname)%00%(objectname)%00%(*objectname) [1ms]
2025-10-18 20:02:59.892 [info] > git merge-base refs/heads/main refs/remotes/origin/main [1ms]
2025-10-18 20:02:59.897 [info] > git diff --name-status -z --diff-filter=ADMR 5122fb6c1b7968c54211ad6d7b9ae0265293e5b2...refs/remotes/origin/main [1ms]
2025-10-18 20:02:59.903 [info] > git log --format=%H%n%aN%n%aE%n%at%n%ct%n%P%n%D%n%B -z --shortstat --diff-merges=first-parent -n50 --skip=0 --topo-order --decorate=full --stdin [2ms]
2025-10-18 20:03:00.950 [info] > git config --get commit.template [6ms]
2025-10-18 20:03:00.951 [info] > git for-each-ref --format=%(refname)%00%(upstream:short)%00%(objectname)%00%(upstream:track)%00%(upstream:remotename)%00%(upstream:remoteref) refs/heads/main refs/remotes/main [2ms]
2025-10-18 20:03:00.957 [info] > git status -z -uall [3ms]
2025-10-18 20:03:00.958 [info] > git for-each-ref --sort -committerdate --format %(refname)%00%(objectname)%00%(*objectname) [1ms]
2025-10-18 20:03:01.046 [info] > git ls-files --stage -- dotfiles/.config/test [3ms]
2025-10-18 20:03:01.058 [info] > git cat-file -s e69de29bb2d1d6434b8b29ae775ad8c2e48c5391 [4ms]
2025-10-18 20:03:01.073 [info] > git show --textconv :dotfiles/.config/test [4ms]
